{
    "metagenome -sarscov2 - fasta": {
        "content": [
            {
                "0": [
                    
                ],
                "1": [
                    
                ],
                "db": [
                    
                ],
                "versions": [
                    
                ]
            }
        ],
        "meta": {
            "nf-test": "0.9.0",
            "nextflow": "24.10.2"
        },
        "timestamp": "2025-01-15T14:43:34.68418275"
    },
    "metagenome -sarscov2 - fasta - stub": {
        "content": [
            {
                "0": [
                    [
                        {
                            "id": "db"
                        },
                        [
                            
                        ]
                    ]
                ],
                "1": [
                    "versions.yml:md5,d851e296d4025a8060b6283ad3b63937"
                ],
                "db": [
                    [
                        {
                            "id": "db"
                        },
                        [
                            
                        ]
                    ]
                ],
                "versions": [
                    "versions.yml:md5,d851e296d4025a8060b6283ad3b63937"
                ]
            }
        ],
        "meta": {
            "nf-test": "0.9.0",
            "nextflow": "24.10.2"
        },
        "timestamp": "2025-01-15T14:43:40.694491364"
    }
}