{
    "sarscov2 - mr": {
        "content": [
            {
                "0": [
                    
                ],
                "1": [
                    
                ],
                "txt": [
                    
                ],
                "versions": [
                    
                ]
            }
        ],
        "meta": {
            "nf-test": "0.9.2",
            "nextflow": "24.10.4"
        },
        "timestamp": "2025-01-24T13:14:06.906843427"
    },
    "sarscov2 - mcr - stub": {
        "content": [
            {
                "0": [
                    [
                        {
                            "id": "test"
                        },
                        "test.txt:md5,d41d8cd98f00b204e9800998ecf8427e"
                    ]
                ],
                "1": [
                    "versions.yml:md5,2978a745fab87a0f0d4e9c3be1004a12"
                ],
                "txt": [
                    [
                        {
                            "id": "test"
                        },
                        "test.txt:md5,d41d8cd98f00b204e9800998ecf8427e"
                    ]
                ],
                "versions": [
                    "versions.yml:md5,2978a745fab87a0f0d4e9c3be1004a12"
                ]
            }
        ],
        "meta": {
            "nf-test": "0.9.2",
            "nextflow": "24.10.4"
        },
        "timestamp": "2025-01-24T13:23:32.68764654"
    },
    "sarscov2 - cr": {
        "content": [
            {
                "0": [
                    
                ],
                "1": [
                    
                ],
                "txt": [
                    
                ],
                "versions": [
                    
                ]
            }
        ],
        "meta": {
            "nf-test": "0.9.2",
            "nextflow": "24.10.4"
        },
        "timestamp": "2025-01-24T13:14:01.095037108"
    },
    "sarscov2 - mcr": {
        "content": [
            {
                "0": [
                    
                ],
                "1": [
                    
                ],
                "txt": [
                    
                ],
                "versions": [
                    
                ]
            }
        ],
        "meta": {
            "nf-test": "0.9.2",
            "nextflow": "24.10.4"
        },
        "timestamp": "2025-01-24T13:13:54.920853143"
    }
}