{
    "sarscov2 - fasta - stub": {
        "content": [
            {
                "0": [
                    [
                        {
                            "id": "test"
                        },
                        [
                            
                        ]
                    ]
                ],
                "1": [
                    "versions.yml:md5,b7fb6c70957b2e6b6b810757928d0325"
                ],
                "db": [
                    [
                        {
                            "id": "test"
                        },
                        [
                            
                        ]
                    ]
                ],
                "versions": [
                    "versions.yml:md5,b7fb6c70957b2e6b6b810757928d0325"
                ]
            }
        ],
        "meta": {
            "nf-test": "0.9.0",
            "nextflow": "24.10.2"
        },
        "timestamp": "2025-01-16T14:19:28.193479362"
    },
    "sarscov2 - fasta": {
        "content": [
            [
                [
                    "genome.fasta:md5,6e9fe4042a72f2345f644f239272b7e6"
                ],
                "genome.fasta:md5,6e9fe4042a72f2345f644f239272b7e6",
                "taxDB:md5,94786387249d25c99370e9ae2f50c2e1",
                "database.jdb:md5,48db5f6bb9b9e9db7f5bbdd0d8bec4a8",
                "database.kdb.counts:md5,a82149480a435210ec1e870f06b6cdb3",
                "database.kdb:md5,46542be19979e867075f9e455a314e00",
                "database.kraken.tsv:md5,be9bd0cb3a8bea30989e65aa42a73727",
                "database0.kdb:md5,46542be19979e867075f9e455a314e00",
                "seqid2taxid.map:md5,fe738f2333d57dde0db32239c04a93b8",
                "database.idx:md5,f5298aa4215c956d2f737b5988721a24",
                "library-files.txt:md5,8a9817d2de8465eb436aa3aa8696a717"
            ]
        ],
        "meta": {
            "nf-test": "0.9.0",
            "nextflow": "24.10.2"
        },
        "timestamp": "2025-01-16T14:33:40.951331581"
    }
}